// Jest Snapshot v1, https://goo.gl/fbAQLP

exports[`Univesity Component should match the snapshot 1`] = `
<div
  className="university-component"
>
  <p
    className="name"
  >
    University Test 1
  </p>
  <a
    className="link"
    href="http://university.com"
    rel="noreferrer"
    target="_blank"
    title="University Test 1"
  >
    university.com
  </a>
</div>
`;
