// Jest Snapshot v1, https://goo.gl/fbAQLP

exports[`Country Unviersity Component should match the snapshot 1`] = `
<div
  className="country-university _padding -grow"
>
  <ReactTitle
    title="PH | University List App"
  />
  <Error
    content="universities"
    onClick={[Function]}
  />
</div>
`;
